<html>
<body>
<pre>
<h1>µVision Build Log</h1>
<h2>Tool Versions:</h2>
IDE-Version: ¦ÌVision V5.37.0.0
Copyright (C) 2022 ARM Ltd and ARM Germany GmbH. All rights reserved.
License Information: Lu Robin, USTS, LIC=9WSKC-73MZQ-BS2YX-HGFSI-74GU7-4FSRV
 
Tool Versions:
Toolchain:       MDK-ARM Plus  Version: 5.37.0.0
Toolchain Path:  C:\Keil_ARM\ARM\ARMCLANG\Bin
C Compiler:      ArmClang.exe V6.18
Assembler:       Armasm.exe V6.18
Linker/Locator:  ArmLink.exe V6.18
Library Manager: ArmAr.exe V6.18
Hex Converter:   FromElf.exe V6.18
CPU DLL:         SARMCM3.DLL V5.37.0.0
Dialog DLL:      DARMCM1.DLL V1.19.6.0
Target DLL:      CMSIS_AGDI.dll V1.33.12.0
Dialog DLL:      TARMCM1.DLL V1.14.6.0
 
<h2>Project:</h2>
D:\Projects\PY32F0xx_Firmware_V1.1.3\Projects\PY32F002A-STK\Example\I2C\111\MDK-ARM\Project.uvprojx
Project File Date:  06/27/2023

<h2>Output:</h2>
*** Using Compiler 'V6.18', folder: 'C:\Keil_ARM\ARM\ARMCLANG\Bin'
Rebuild target 'Project'
assembling startup_py32f002xx.s...
compiling system_py32f0xx.c...
compiling py32f0xx_hal.c...
compiling py32f0xx_hal_msp.c...
compiling py32f0xx_hal_irda.c...
compiling py32f0xx_it.c...
compiling py32f002xx_Start_Kit.c...
compiling py32f0xx_hal_gpio.c...
compiling py32f0xx_hal_pwr.c...
compiling py32f0xx_hal_cortex.c...
compiling main.c...
compiling SEGGER_RTT_printf.c...
compiling py32f0xx_hal_rcc.c...
compiling py32f0xx_hal_uart.c...
compiling SEGGER_RTT.c...
compiling py32f0xx_hal_adc.c...
compiling py32f0xx_hal_i2c.c...
linking...
Program Size: Code=9384 RO-data=300 RW-data=208 ZI-data=2384  
FromELF: creating hex file...
".\Output\I2C_TwoBoard_CommunicationMaster_IT.axf" - 0 Error(s), 0 Warning(s).

<h2>Software Packages used:</h2>

Package Vendor: ARM
                http://www.keil.com/pack/ARM.CMSIS.5.9.0.pack
                ARM.CMSIS.5.9.0
                CMSIS (Common Microcontroller Software Interface Standard)
   * Component: CORE Version: 5.6.0

Package Vendor: Puya
                https://www.puyasemi.com/Puya.PY32F0xx_DFP.1.1.3.pack
                Puya.PY32F0xx_DFP.1.1.3
                Puya PY32F0 Series Device Support

<h2>Collection of Component include folders:</h2>
  ./RTE/_Project
  C:/Users/Administrator/AppData/Local/Arm/Packs/ARM/CMSIS/5.9.0/CMSIS/Core/Include
  C:/Users/Administrator/AppData/Local/Arm/Packs/Puya/PY32F0xx_DFP/1.1.3/Device/Include

<h2>Collection of Component Files used:</h2>

   * Component: ARM::CMSIS:CORE:5.6.0
Build Time Elapsed:  00:00:01
</pre>
</body>
</html>
